------------------------------------------------------------
Timing Analyzer Summary
------------------------------------------------------------

Type  : Slow 1100mV 85C Model Setup 'KEY[0]'
Slack : -0.371
TNS   : -2.031

Type  : Slow 1100mV 85C Model Hold 'KEY[0]'
Slack : 0.277
TNS   : 0.000

Type  : Slow 1100mV 85C Model Minimum Pulse Width 'KEY[0]'
Slack : -0.394
TNS   : -3.955

Type  : Slow 1100mV 0C Model Setup 'KEY[0]'
Slack : -0.322
TNS   : -1.678

Type  : Slow 1100mV 0C Model Hold 'KEY[0]'
Slack : 0.307
TNS   : 0.000

Type  : Slow 1100mV 0C Model Minimum Pulse Width 'KEY[0]'
Slack : -0.394
TNS   : -3.936

Type  : Fast 1100mV 85C Model Setup 'KEY[0]'
Slack : 0.154
TNS   : 0.000

Type  : Fast 1100mV 85C Model Hold 'KEY[0]'
Slack : 0.156
TNS   : 0.000

Type  : Fast 1100mV 85C Model Minimum Pulse Width 'KEY[0]'
Slack : -0.319
TNS   : -2.415

Type  : Fast 1100mV 0C Model Setup 'KEY[0]'
Slack : 0.230
TNS   : 0.000

Type  : Fast 1100mV 0C Model Hold 'KEY[0]'
Slack : 0.163
TNS   : 0.000

Type  : Fast 1100mV 0C Model Minimum Pulse Width 'KEY[0]'
Slack : -0.308
TNS   : -2.328

------------------------------------------------------------
